

================================================================
== Synthesis Summary Report of 'clefia'
================================================================
+ General Information: 
    * Date:           Wed Dec  7 16:30:04 2022
    * Version:        2022.1 (Build 3526262 on Mon Apr 18 15:48:16 MDT 2022)
    * Project:        CLEFIA_ip
    * Solution:       solution3 (Vivado IP Flow Target)
    * Product family: zynq
    * Target device:  xc7z020-clg400-1
    

+ Performance & Resource Estimates: 
    
    PS: '+' for module; 'o' for loop; '*' for dataflow
    +-------------------------+------+------+---------+-----------+----------+---------+------+----------+---------+----+-----------+-------------+-----+
    |         Modules         | Issue|      | Latency |  Latency  | Iteration|         | Trip |          |         |    |           |             |     |
    |         & Loops         | Type | Slack| (cycles)|    (ns)   |  Latency | Interval| Count| Pipelined|  BRAM   | DSP|     FF    |     LUT     | URAM|
    +-------------------------+------+------+---------+-----------+----------+---------+------+----------+---------+----+-----------+-------------+-----+
    |+ clefia                 |     -|  0.22|        -|          -|         -|        -|     -|        no|  18 (6%)|   -|  3366 (3%)|  16910 (31%)|    -|
    | + ByteCpy_1             |    II|  2.66|       16|    160.000|         -|       16|     -|       yes|        -|   -|   18 (~0%)|    263 (~0%)|    -|
    | + ClefiaKeySet          |     -|  0.56|     5766|  5.766e+04|         -|     5766|     -|        no|  15 (5%)|   -|  1972 (1%)|  11641 (21%)|    -|
    |  + ByteCpy_115          |     -|  2.66|       65|    650.000|         -|       65|     -|        no|        -|   -|   15 (~0%)|     53 (~0%)|    -|
    |   o ByteCpy_label1      |     -|  7.30|       64|    640.000|         2|        -|    32|        no|        -|   -|          -|            -|    -|
    |  + ByteXor_112          |     -|  0.73|       17|    170.000|         -|       17|     -|        no|        -|   -|   15 (~0%)|    100 (~0%)|    -|
    |   o ByteXor_label2      |     -|  7.30|       16|    160.000|         2|        -|     8|        no|        -|   -|          -|            -|    -|
    |  + ByteCpy_114          |     -|  2.66|       65|    650.000|         -|       65|     -|        no|        -|   -|   15 (~0%)|     53 (~0%)|    -|
    |   o ByteCpy_label1      |     -|  7.30|       64|    640.000|         2|        -|    32|        no|        -|   -|          -|            -|    -|
    |  + ByteCpy_121          |     -|  2.66|       33|    330.000|         -|       33|     -|        no|        -|   -|   13 (~0%)|     52 (~0%)|    -|
    |   o ByteCpy_label1      |     -|  7.30|       32|    320.000|         2|        -|    16|        no|        -|   -|          -|            -|    -|
    |  + ByteCpy_120          |     -|  1.72|       17|    170.000|         -|       17|     -|        no|        -|   -|   23 (~0%)|     83 (~0%)|    -|
    |   o ByteCpy_label1      |     -|  7.30|       16|    160.000|         2|        -|     8|        no|        -|   -|          -|            -|    -|
    |  + ClefiaF0Xor_2        |     -|  0.56|       80|    800.000|         -|       80|     -|        no|  2 (~0%)|   -|  163 (~0%)|     700 (1%)|    -|
    |   + ByteXor_110         |     -|  2.13|        9|     90.000|         -|        9|     -|        no|        -|   -|   43 (~0%)|     85 (~0%)|    -|
    |    o ByteXor_label2     |     -|  7.30|        8|     80.000|         2|        -|     4|        no|        -|   -|          -|            -|    -|
    |   + ByteCpy_118         |     -|  2.66|       57|    570.000|         -|       57|     -|        no|        -|   -|   18 (~0%)|     77 (~0%)|    -|
    |    o ByteCpy_label1     |     -|  7.30|       56|    560.000|         2|        -|    28|        no|        -|   -|          -|            -|    -|
    |   + ClefiaMul2          |    II|  6.05|        0|      0.000|         -|        1|     -|       yes|        -|   -|          -|     16 (~0%)|    -|
    |   + ClefiaMul2          |    II|  6.05|        0|      0.000|         -|        1|     -|       yes|        -|   -|          -|     16 (~0%)|    -|
    |   + ClefiaMul2          |    II|  6.05|        0|      0.000|         -|        1|     -|       yes|        -|   -|          -|     16 (~0%)|    -|
    |   + ClefiaMul2          |    II|  6.05|        0|      0.000|         -|        1|     -|       yes|        -|   -|          -|     16 (~0%)|    -|
    |   + ClefiaMul2          |    II|  6.05|        0|      0.000|         -|        1|     -|       yes|        -|   -|          -|     16 (~0%)|    -|
    |   + ClefiaMul2          |    II|  6.05|        0|      0.000|         -|        1|     -|       yes|        -|   -|          -|     16 (~0%)|    -|
    |   + ClefiaMul2          |    II|  6.05|        0|      0.000|         -|        1|     -|       yes|        -|   -|          -|     16 (~0%)|    -|
    |   + ClefiaMul2          |    II|  6.05|        0|      0.000|         -|        1|     -|       yes|        -|   -|          -|     16 (~0%)|    -|
    |   + ByteXor             |     -|  1.67|        9|     90.000|         -|        9|     -|        no|        -|   -|   19 (~0%)|    103 (~0%)|    -|
    |    o ByteXor_label2     |     -|  7.30|        8|     80.000|         2|        -|     4|        no|        -|   -|          -|            -|    -|
    |  + ClefiaF1Xor_1        |     -|  1.58|       80|    800.000|         -|       80|     -|        no|  2 (~0%)|   -|  171 (~0%)|     750 (1%)|    -|
    |   + ByteXor_110         |     -|  2.13|        9|     90.000|         -|        9|     -|        no|        -|   -|   43 (~0%)|     85 (~0%)|    -|
    |    o ByteXor_label2     |     -|  7.30|        8|     80.000|         2|        -|     4|        no|        -|   -|          -|            -|    -|
    |   + ByteCpy_118         |     -|  2.66|       57|    570.000|         -|       57|     -|        no|        -|   -|   18 (~0%)|     77 (~0%)|    -|
    |    o ByteCpy_label1     |     -|  7.30|       56|    560.000|         2|        -|    28|        no|        -|   -|          -|            -|    -|
    |   + ClefiaMul2          |    II|  6.05|        0|      0.000|         -|        1|     -|       yes|        -|   -|          -|     16 (~0%)|    -|
    |   + ClefiaMul2          |    II|  6.05|        0|      0.000|         -|        1|     -|       yes|        -|   -|          -|     16 (~0%)|    -|
    |   + ClefiaMul2          |    II|  6.05|        0|      0.000|         -|        1|     -|       yes|        -|   -|          -|     16 (~0%)|    -|
    |   + ClefiaMul2          |    II|  6.05|        0|      0.000|         -|        1|     -|       yes|        -|   -|          -|     16 (~0%)|    -|
    |   + ClefiaMul2          |    II|  6.05|        0|      0.000|         -|        1|     -|       yes|        -|   -|          -|     16 (~0%)|    -|
    |   + ClefiaMul2          |    II|  6.05|        0|      0.000|         -|        1|     -|       yes|        -|   -|          -|     16 (~0%)|    -|
    |   + ClefiaMul2          |    II|  6.05|        0|      0.000|         -|        1|     -|       yes|        -|   -|          -|     16 (~0%)|    -|
    |   + ClefiaMul2          |    II|  6.05|        0|      0.000|         -|        1|     -|       yes|        -|   -|          -|     16 (~0%)|    -|
    |   + ClefiaMul2          |    II|  6.05|        0|      0.000|         -|        1|     -|       yes|        -|   -|          -|     16 (~0%)|    -|
    |   + ClefiaMul2          |    II|  6.05|        0|      0.000|         -|        1|     -|       yes|        -|   -|          -|     16 (~0%)|    -|
    |   + ClefiaMul2          |    II|  6.05|        0|      0.000|         -|        1|     -|       yes|        -|   -|          -|     16 (~0%)|    -|
    |   + ClefiaMul2          |    II|  6.05|        0|      0.000|         -|        1|     -|       yes|        -|   -|          -|     16 (~0%)|    -|
    |   + ByteXor             |     -|  1.67|        9|     90.000|         -|        9|     -|        no|        -|   -|   19 (~0%)|    103 (~0%)|    -|
    |    o ByteXor_label2     |     -|  7.30|        8|     80.000|         2|        -|     4|        no|        -|   -|          -|            -|    -|
    |  + ByteCpy_118          |     -|  2.66|       57|    570.000|         -|       57|     -|        no|        -|   -|   18 (~0%)|     77 (~0%)|    -|
    |   o ByteCpy_label1      |     -|  7.30|       56|    560.000|         2|        -|    28|        no|        -|   -|          -|            -|    -|
    |  + ByteXor_113          |     -|  2.22|       49|    490.000|         -|       49|     -|        no|        -|   -|   25 (~0%)|    107 (~0%)|    -|
    |   o ByteXor_label2      |     -|  7.30|       48|    480.000|         3|        -|    16|        no|        -|   -|          -|            -|    -|
    |  + ClefiaDoubleSwap_1   |     -|  2.66|       44|    440.000|         -|       44|     -|        no|        -|   -|   75 (~0%)|     662 (1%)|    -|
    |   + ByteCpy_117         |     -|  2.66|       33|    330.000|         -|       33|     -|        no|        -|   -|   13 (~0%)|     65 (~0%)|    -|
    |    o ByteCpy_label1     |     -|  7.30|       32|    320.000|         2|        -|    16|        no|        -|   -|          -|            -|    -|
    |  + ByteXor_112_1        |     -|  2.13|       49|    490.000|         -|       49|     -|        no|        -|   -|   25 (~0%)|    107 (~0%)|    -|
    |   o ByteXor_label2      |     -|  7.30|       48|    480.000|         3|        -|    16|        no|        -|   -|          -|            -|    -|
    |  + ClefiaF0Xor_1        |     -|  0.56|       80|    800.000|         -|       80|     -|        no|  2 (~0%)|   -|  163 (~0%)|     700 (1%)|    -|
    |   + ByteXor_11150       |     -|  2.13|        9|     90.000|         -|        9|     -|        no|        -|   -|   43 (~0%)|     85 (~0%)|    -|
    |    o ByteXor_label2     |     -|  7.30|        8|     80.000|         2|        -|     4|        no|        -|   -|          -|            -|    -|
    |   + ByteCpy_118         |     -|  2.66|       57|    570.000|         -|       57|     -|        no|        -|   -|   18 (~0%)|     77 (~0%)|    -|
    |    o ByteCpy_label1     |     -|  7.30|       56|    560.000|         2|        -|    28|        no|        -|   -|          -|            -|    -|
    |   + ClefiaMul2          |    II|  6.05|        0|      0.000|         -|        1|     -|       yes|        -|   -|          -|     16 (~0%)|    -|
    |   + ClefiaMul2          |    II|  6.05|        0|      0.000|         -|        1|     -|       yes|        -|   -|          -|     16 (~0%)|    -|
    |   + ClefiaMul2          |    II|  6.05|        0|      0.000|         -|        1|     -|       yes|        -|   -|          -|     16 (~0%)|    -|
    |   + ClefiaMul2          |    II|  6.05|        0|      0.000|         -|        1|     -|       yes|        -|   -|          -|     16 (~0%)|    -|
    |   + ClefiaMul2          |    II|  6.05|        0|      0.000|         -|        1|     -|       yes|        -|   -|          -|     16 (~0%)|    -|
    |   + ClefiaMul2          |    II|  6.05|        0|      0.000|         -|        1|     -|       yes|        -|   -|          -|     16 (~0%)|    -|
    |   + ClefiaMul2          |    II|  6.05|        0|      0.000|         -|        1|     -|       yes|        -|   -|          -|     16 (~0%)|    -|
    |   + ClefiaMul2          |    II|  6.05|        0|      0.000|         -|        1|     -|       yes|        -|   -|          -|     16 (~0%)|    -|
    |   + ByteXor             |     -|  1.67|        9|     90.000|         -|        9|     -|        no|        -|   -|   19 (~0%)|    103 (~0%)|    -|
    |    o ByteXor_label2     |     -|  7.30|        8|     80.000|         2|        -|     4|        no|        -|   -|          -|            -|    -|
    |  + ClefiaF1Xor          |     -|  1.58|       80|    800.000|         -|       80|     -|        no|  2 (~0%)|   -|  171 (~0%)|     750 (1%)|    -|
    |   + ByteXor_11150       |     -|  2.13|        9|     90.000|         -|        9|     -|        no|        -|   -|   43 (~0%)|     85 (~0%)|    -|
    |    o ByteXor_label2     |     -|  7.30|        8|     80.000|         2|        -|     4|        no|        -|   -|          -|            -|    -|
    |   + ByteCpy_118         |     -|  2.66|       57|    570.000|         -|       57|     -|        no|        -|   -|   18 (~0%)|     77 (~0%)|    -|
    |    o ByteCpy_label1     |     -|  7.30|       56|    560.000|         2|        -|    28|        no|        -|   -|          -|            -|    -|
    |   + ClefiaMul2          |    II|  6.05|        0|      0.000|         -|        1|     -|       yes|        -|   -|          -|     16 (~0%)|    -|
    |   + ClefiaMul2          |    II|  6.05|        0|      0.000|         -|        1|     -|       yes|        -|   -|          -|     16 (~0%)|    -|
    |   + ClefiaMul2          |    II|  6.05|        0|      0.000|         -|        1|     -|       yes|        -|   -|          -|     16 (~0%)|    -|
    |   + ClefiaMul2          |    II|  6.05|        0|      0.000|         -|        1|     -|       yes|        -|   -|          -|     16 (~0%)|    -|
    |   + ClefiaMul2          |    II|  6.05|        0|      0.000|         -|        1|     -|       yes|        -|   -|          -|     16 (~0%)|    -|
    |   + ClefiaMul2          |    II|  6.05|        0|      0.000|         -|        1|     -|       yes|        -|   -|          -|     16 (~0%)|    -|
    |   + ClefiaMul2          |    II|  6.05|        0|      0.000|         -|        1|     -|       yes|        -|   -|          -|     16 (~0%)|    -|
    |   + ClefiaMul2          |    II|  6.05|        0|      0.000|         -|        1|     -|       yes|        -|   -|          -|     16 (~0%)|    -|
    |   + ClefiaMul2          |    II|  6.05|        0|      0.000|         -|        1|     -|       yes|        -|   -|          -|     16 (~0%)|    -|
    |   + ClefiaMul2          |    II|  6.05|        0|      0.000|         -|        1|     -|       yes|        -|   -|          -|     16 (~0%)|    -|
    |   + ClefiaMul2          |    II|  6.05|        0|      0.000|         -|        1|     -|       yes|        -|   -|          -|     16 (~0%)|    -|
    |   + ClefiaMul2          |    II|  6.05|        0|      0.000|         -|        1|     -|       yes|        -|   -|          -|     16 (~0%)|    -|
    |   + ByteXor             |     -|  1.67|        9|     90.000|         -|        9|     -|        no|        -|   -|   19 (~0%)|    103 (~0%)|    -|
    |    o ByteXor_label2     |     -|  7.30|        8|     80.000|         2|        -|     4|        no|        -|   -|          -|            -|    -|
    |  + ByteXor_114          |     -|  2.22|       49|    490.000|         -|       49|     -|        no|        -|   -|   25 (~0%)|    107 (~0%)|    -|
    |   o ByteXor_label2      |     -|  7.30|       48|    480.000|         3|        -|    16|        no|        -|   -|          -|            -|    -|
    |  + ClefiaF0Xor_125      |     -|  0.56|       56|    560.000|         -|       56|     -|        no|  2 (~0%)|   -|  147 (~0%)|     647 (1%)|    -|
    |   + ByteXor_11152       |     -|  2.18|        9|     90.000|         -|        9|     -|        no|        -|   -|   43 (~0%)|     84 (~0%)|    -|
    |    o ByteXor_label2     |     -|  7.30|        8|     80.000|         2|        -|     4|        no|        -|   -|          -|            -|    -|
    |   + ByteCpy             |     -|  2.66|       33|    330.000|         -|       33|     -|        no|        -|   -|   13 (~0%)|     51 (~0%)|    -|
    |    o ByteCpy_label1     |     -|  7.30|       32|    320.000|         2|        -|    16|        no|        -|   -|          -|            -|    -|
    |   + ClefiaMul2          |    II|  6.05|        0|      0.000|         -|        1|     -|       yes|        -|   -|          -|     16 (~0%)|    -|
    |   + ClefiaMul2          |    II|  6.05|        0|      0.000|         -|        1|     -|       yes|        -|   -|          -|     16 (~0%)|    -|
    |   + ClefiaMul2          |    II|  6.05|        0|      0.000|         -|        1|     -|       yes|        -|   -|          -|     16 (~0%)|    -|
    |   + ClefiaMul2          |    II|  6.05|        0|      0.000|         -|        1|     -|       yes|        -|   -|          -|     16 (~0%)|    -|
    |   + ClefiaMul2          |    II|  6.05|        0|      0.000|         -|        1|     -|       yes|        -|   -|          -|     16 (~0%)|    -|
    |   + ClefiaMul2          |    II|  6.05|        0|      0.000|         -|        1|     -|       yes|        -|   -|          -|     16 (~0%)|    -|
    |   + ClefiaMul2          |    II|  6.05|        0|      0.000|         -|        1|     -|       yes|        -|   -|          -|     16 (~0%)|    -|
    |   + ClefiaMul2          |    II|  6.05|        0|      0.000|         -|        1|     -|       yes|        -|   -|          -|     16 (~0%)|    -|
    |   + ByteXor_143         |     -|  1.67|        9|     90.000|         -|        9|     -|        no|        -|   -|   18 (~0%)|    103 (~0%)|    -|
    |    o ByteXor_label2     |     -|  7.30|        8|     80.000|         2|        -|     4|        no|        -|   -|          -|            -|    -|
    |  + ClefiaF1Xor_2        |     -|  1.58|       48|    480.000|         -|       48|     -|        no|  2 (~0%)|   -|  153 (~0%)|     723 (1%)|    -|
    |   + ByteXor_11152       |     -|  2.18|        9|     90.000|         -|        9|     -|        no|        -|   -|   43 (~0%)|     84 (~0%)|    -|
    |    o ByteXor_label2     |     -|  7.30|        8|     80.000|         2|        -|     4|        no|        -|   -|          -|            -|    -|
    |   + ByteCpy_119         |     -|  2.66|       25|    250.000|         -|       25|     -|        no|        -|   -|   11 (~0%)|     77 (~0%)|    -|
    |    o ByteCpy_label1     |     -|  7.30|       24|    240.000|         2|        -|    12|        no|        -|   -|          -|            -|    -|
    |   + ClefiaMul2          |    II|  6.05|        0|      0.000|         -|        1|     -|       yes|        -|   -|          -|     16 (~0%)|    -|
    |   + ClefiaMul2          |    II|  6.05|        0|      0.000|         -|        1|     -|       yes|        -|   -|          -|     16 (~0%)|    -|
    |   + ClefiaMul2          |    II|  6.05|        0|      0.000|         -|        1|     -|       yes|        -|   -|          -|     16 (~0%)|    -|
    |   + ClefiaMul2          |    II|  6.05|        0|      0.000|         -|        1|     -|       yes|        -|   -|          -|     16 (~0%)|    -|
    |   + ClefiaMul2          |    II|  6.05|        0|      0.000|         -|        1|     -|       yes|        -|   -|          -|     16 (~0%)|    -|
    |   + ClefiaMul2          |    II|  6.05|        0|      0.000|         -|        1|     -|       yes|        -|   -|          -|     16 (~0%)|    -|
    |   + ClefiaMul2          |    II|  6.05|        0|      0.000|         -|        1|     -|       yes|        -|   -|          -|     16 (~0%)|    -|
    |   + ClefiaMul2          |    II|  6.05|        0|      0.000|         -|        1|     -|       yes|        -|   -|          -|     16 (~0%)|    -|
    |   + ClefiaMul2          |    II|  6.05|        0|      0.000|         -|        1|     -|       yes|        -|   -|          -|     16 (~0%)|    -|
    |   + ClefiaMul2          |    II|  6.05|        0|      0.000|         -|        1|     -|       yes|        -|   -|          -|     16 (~0%)|    -|
    |   + ClefiaMul2          |    II|  6.05|        0|      0.000|         -|        1|     -|       yes|        -|   -|          -|     16 (~0%)|    -|
    |   + ClefiaMul2          |    II|  6.05|        0|      0.000|         -|        1|     -|       yes|        -|   -|          -|     16 (~0%)|    -|
    |   + ByteXor_143         |     -|  1.67|        9|     90.000|         -|        9|     -|        no|        -|   -|   18 (~0%)|    103 (~0%)|    -|
    |    o ByteXor_label2     |     -|  7.30|        8|     80.000|         2|        -|     4|        no|        -|   -|          -|            -|    -|
    |  + ByteCpy_119          |     -|  2.66|       25|    250.000|         -|       25|     -|        no|        -|   -|   11 (~0%)|     77 (~0%)|    -|
    |   o ByteCpy_label1      |     -|  7.30|       24|    240.000|         2|        -|    12|        no|        -|   -|          -|            -|    -|
    |  + ByteCpy_116          |     -|  2.66|       33|    330.000|         -|       33|     -|        no|        -|   -|   13 (~0%)|     52 (~0%)|    -|
    |   o ByteCpy_label1      |     -|  7.30|       32|    320.000|         2|        -|    16|        no|        -|   -|          -|            -|    -|
    |  + ByteXor_111          |     -|  2.13|       49|    490.000|         -|       49|     -|        no|        -|   -|   25 (~0%)|     95 (~0%)|    -|
    |   o ByteXor_label2      |     -|  7.30|       48|    480.000|         3|        -|    16|        no|        -|   -|          -|            -|    -|
    |  + ClefiaDoubleSwap     |     -|  2.66|       44|    440.000|         -|       44|     -|        no|        -|   -|   75 (~0%)|    453 (~0%)|    -|
    |   + ByteCpy             |     -|  2.66|       33|    330.000|         -|       33|     -|        no|        -|   -|   13 (~0%)|     51 (~0%)|    -|
    |    o ByteCpy_label1     |     -|  7.30|       32|    320.000|         2|        -|    16|        no|        -|   -|          -|            -|    -|
    | + ByteXor_112_2         |     -|  0.73|        9|     90.000|         -|        9|     -|        no|        -|   -|   10 (~0%)|     99 (~0%)|    -|
    |  o ByteXor_label2       |     -|  7.30|        8|     80.000|         2|        -|     4|        no|        -|   -|          -|            -|    -|
    | + ByteCpy_11831         |     -|  2.66|       33|    330.000|         -|       33|     -|        no|        -|   -|   13 (~0%)|     52 (~0%)|    -|
    |  o ByteCpy_label1       |     -|  7.30|       32|    320.000|         2|        -|    16|        no|        -|   -|          -|            -|    -|
    | + ByteCpy_116           |     -|  2.66|       33|    330.000|         -|       33|     -|        no|        -|   -|   13 (~0%)|     52 (~0%)|    -|
    |  o ByteCpy_label1       |     -|  7.30|       32|    320.000|         2|        -|    16|        no|        -|   -|          -|            -|    -|
    | + ByteCpy_2             |    II|  2.66|       16|    160.000|         -|       16|     -|       yes|        -|   -|   82 (~0%)|    367 (~0%)|    -|
    | + ByteXor_1             |    II|  0.73|        7|     70.000|         -|        8|     -|       yes|        -|   -|   52 (~0%)|    304 (~0%)|    -|
    | o ClefiaGfn4_label3     |     -|  7.30|        -|          -|       160|        -|     -|        no|        -|   -|          -|            -|    -|
    |  + ByteXor_11151        |     -|  2.13|        9|     90.000|         -|        9|     -|        no|        -|   -|   43 (~0%)|     85 (~0%)|    -|
    |   o ByteXor_label2      |     -|  7.30|        8|     80.000|         2|        -|     4|        no|        -|   -|          -|            -|    -|
    |  + ByteCpy              |     -|  2.66|       33|    330.000|         -|       33|     -|        no|        -|   -|   13 (~0%)|     51 (~0%)|    -|
    |   o ByteCpy_label1      |     -|  7.30|       32|    320.000|         2|        -|    16|        no|        -|   -|          -|            -|    -|
    |  + ClefiaMul2           |    II|  6.05|        0|      0.000|         -|        1|     -|       yes|        -|   -|          -|     16 (~0%)|    -|
    |  + ClefiaMul2           |    II|  6.05|        0|      0.000|         -|        1|     -|       yes|        -|   -|          -|     16 (~0%)|    -|
    |  + ClefiaMul2           |    II|  6.05|        0|      0.000|         -|        1|     -|       yes|        -|   -|          -|     16 (~0%)|    -|
    |  + ClefiaMul2           |    II|  6.05|        0|      0.000|         -|        1|     -|       yes|        -|   -|          -|     16 (~0%)|    -|
    |  + ClefiaMul2           |    II|  6.05|        0|      0.000|         -|        1|     -|       yes|        -|   -|          -|     16 (~0%)|    -|
    |  + ClefiaMul2           |    II|  6.05|        0|      0.000|         -|        1|     -|       yes|        -|   -|          -|     16 (~0%)|    -|
    |  + ClefiaMul2           |    II|  6.05|        0|      0.000|         -|        1|     -|       yes|        -|   -|          -|     16 (~0%)|    -|
    |  + ClefiaMul2           |    II|  6.05|        0|      0.000|         -|        1|     -|       yes|        -|   -|          -|     16 (~0%)|    -|
    |  + ClefiaMul2           |    II|  6.05|        0|      0.000|         -|        1|     -|       yes|        -|   -|          -|     16 (~0%)|    -|
    |  + ClefiaMul2           |    II|  6.05|        0|      0.000|         -|        1|     -|       yes|        -|   -|          -|     16 (~0%)|    -|
    |  + ClefiaMul2           |    II|  6.05|        0|      0.000|         -|        1|     -|       yes|        -|   -|          -|     16 (~0%)|    -|
    |  + ClefiaMul2           |    II|  6.05|        0|      0.000|         -|        1|     -|       yes|        -|   -|          -|     16 (~0%)|    -|
    |  + ByteXor_143          |     -|  1.67|        9|     90.000|         -|        9|     -|        no|        -|   -|   18 (~0%)|    103 (~0%)|    -|
    |   o ByteXor_label2      |     -|  7.30|        8|     80.000|         2|        -|     4|        no|        -|   -|          -|            -|    -|
    |  + ByteCpy_119          |     -|  2.66|       25|    250.000|         -|       25|     -|        no|        -|   -|   11 (~0%)|     77 (~0%)|    -|
    |   o ByteCpy_label1      |     -|  7.30|       24|    240.000|         2|        -|    12|        no|        -|   -|          -|            -|    -|
    | o ClefiaGfn4Inv_label5  |     -|  7.30|        -|          -|       160|        -|     -|        no|        -|   -|          -|            -|    -|
    +-------------------------+------+------+---------+-----------+----------+---------+------+----------+---------+----+-----------+-------------+-----+


================================================================
== HW Interfaces
================================================================
* S_AXILITE Interfaces
+---------------+------------+---------------+--------+----------+
| Interface     | Data Width | Address Width | Offset | Register |
+---------------+------------+---------------+--------+----------+
| s_axi_control | 32         | 7             | 16     | 0        |
+---------------+------------+---------------+--------+----------+

* S_AXILITE Registers
+---------------+------------+--------+-------+--------+----------------------------------+----------------------------------------------------------------------+
| Interface     | Register   | Offset | Width | Access | Description                      | Bit Fields                                                           |
+---------------+------------+--------+-------+--------+----------------------------------+----------------------------------------------------------------------+
| s_axi_control | CTRL       | 0x00   | 32    | RW     | Control signals                  | 0=AP_START 1=AP_DONE 2=AP_IDLE 3=AP_READY 7=AUTO_RESTART 9=INTERRUPT |
| s_axi_control | GIER       | 0x04   | 32    | RW     | Global Interrupt Enable Register | 0=Enable                                                             |
| s_axi_control | IP_IER     | 0x08   | 32    | RW     | IP Interrupt Enable Register     | 0=CHAN0_INT_EN 1=CHAN1_INT_EN                                        |
| s_axi_control | IP_ISR     | 0x0c   | 32    | RW     | IP Interrupt Status Register     | 0=CHAN0_INT_ST 1=CHAN1_INT_ST                                        |
| s_axi_control | key_bitlen | 0x20   | 32    | W      | Data signal of key_bitlen        |                                                                      |
+---------------+------------+--------+-------+--------+----------------------------------+----------------------------------------------------------------------+

* TOP LEVEL CONTROL
+-----------+------------+-----------+
| Interface | Type       | Ports     |
+-----------+------------+-----------+
| ap_clk    | clock      | ap_clk    |
| ap_rst_n  | reset      | ap_rst_n  |
| interrupt | interrupt  | interrupt |
| ap_ctrl   | ap_ctrl_hs |           |
+-----------+------------+-----------+


================================================================
== SW I/O Information
================================================================
* Top Function Arguments
+------------+-----------+-----------------------+
| Argument   | Direction | Datatype              |
+------------+-----------+-----------------------+
| pt         | in        | unsigned char const * |
| key_bitlen | in        | int                   |
| Clefia_enc | inout     | unsigned char*        |
| Clefia_dec | inout     | unsigned char*        |
+------------+-----------+-----------------------+

* SW-to-HW Mapping
+------------+---------------+----------+--------------------------------------+
| Argument   | HW Interface  | HW Type  | HW Info                              |
+------------+---------------+----------+--------------------------------------+
| pt         | s_axi_control | memory   | name=pt offset=16 range=16           |
| key_bitlen | s_axi_control | register | name=key_bitlen offset=0x20 range=32 |
| Clefia_enc | s_axi_control | memory   | name=Clefia_enc offset=48 range=16   |
| Clefia_dec | s_axi_control | memory   | name=Clefia_dec offset=64 range=16   |
+------------+---------------+----------+--------------------------------------+


================================================================
== Bind Op Report
================================================================
+----------------------------------------------+-----+--------+----------------+-----+--------+---------+
| Name                                         | DSP | Pragma | Variable       | Op  | Impl   | Latency |
+----------------------------------------------+-----+--------+----------------+-----+--------+---------+
| + clefia                                     | 0   |        |                |     |        |         |
|   add_ln188_1_fu_865_p2                      | -   |        | add_ln188_1    | add | fabric | 0       |
|   add_ln188_fu_871_p2                        | -   |        | add_ln188      | add | fabric | 0       |
|   add_ln188_cast_fu_633_p2                   | -   |        | add_ln188_cast | add | fabric | 0       |
|   add_ln195_fu_748_p2                        | -   |        | add_ln195      | add | fabric | 0       |
|   add_ln422_fu_903_p2                        | -   |        | add_ln422      | add | fabric | 0       |
|   add_ln423_fu_910_p2                        | -   |        | add_ln423      | add | fabric | 0       |
|   add_ln432_fu_924_p2                        | -   |        | add_ln432      | add | fabric | 0       |
|   add_ln433_fu_931_p2                        | -   |        | add_ln433      | add | fabric | 0       |
|   add_ln224_1_fu_1188_p2                     | -   |        | add_ln224_1    | add | fabric | 0       |
|   add_ln224_fu_958_p2                        | -   |        | add_ln224      | add | fabric | 0       |
|   add_ln233_fu_1194_p2                       | -   |        | add_ln233      | add | fabric | 0       |
|  + ClefiaKeySet                              | 0   |        |                |     |        |         |
|   + ByteCpy_115                              | 0   |        |                |     |        |         |
|     add_ln117_fu_67_p2                       | -   |        | add_ln117      | add | fabric | 0       |
|   + ByteXor_112                              | 0   |        |                |     |        |         |
|     add_ln124_fu_108_p2                      | -   |        | add_ln124      | add | fabric | 0       |
|     add_ln124_13_fu_122_p2                   | -   |        | add_ln124_13   | add | fabric | 0       |
|     add_ln124_14_fu_132_p2                   | -   |        | add_ln124_14   | add | fabric | 0       |
|     add_ln124_15_fu_142_p2                   | -   |        | add_ln124_15   | add | fabric | 0       |
|   + ByteCpy_114                              | 0   |        |                |     |        |         |
|     add_ln117_fu_76_p2                       | -   |        | add_ln117      | add | fabric | 0       |
|   + ByteCpy_121                              | 0   |        |                |     |        |         |
|     add_ln117_fu_67_p2                       | -   |        | add_ln117      | add | fabric | 0       |
|   + ByteCpy_120                              | 0   |        |                |     |        |         |
|     add_ln117_fu_87_p2                       | -   |        | add_ln117      | add | fabric | 0       |
|     add_ln117_1_fu_97_p2                     | -   |        | add_ln117_1    | add | fabric | 0       |
|     add_ln117_2_fu_107_p2                    | -   |        | add_ln117_2    | add | fabric | 0       |
|   + ClefiaF0Xor_2                            | 0   |        |                |     |        |         |
|     add_ln162_fu_305_p2                      | -   |        | add_ln162      | add | fabric | 0       |
|     add_ln162_1_fu_311_p2                    | -   |        | add_ln162_1    | add | fabric | 0       |
|    + ByteXor_110 (grp_ByteXor_110_fu_94)     | 0   |        |                |     |        |         |
|      add_ln124_fu_110_p2                     | -   |        | add_ln124      | add | fabric | 0       |
|      add_ln124_24_fu_124_p2                  | -   |        | add_ln124_24   | add | fabric | 0       |
|      add_ln124_25_fu_134_p2                  | -   |        | add_ln124_25   | add | fabric | 0       |
|    + ByteCpy_118 (grp_ByteCpy_118_fu_106)    | 0   |        |                |     |        |         |
|      add_ln117_fu_98_p2                      | -   |        | add_ln117      | add | fabric | 0       |
|      add_ln117_5_fu_104_p2                   | -   |        | add_ln117_5    | add | fabric | 0       |
|      add_ln117_6_fu_114_p2                   | -   |        | add_ln117_6    | add | fabric | 0       |
|    + ByteXor (grp_ByteXor_fu_165)            | 0   |        |                |     |        |         |
|      add_ln124_fu_120_p2                     | -   |        | add_ln124      | add | fabric | 0       |
|      add_ln124_29_fu_134_p2                  | -   |        | add_ln124_29   | add | fabric | 0       |
|      add_ln124_30_fu_144_p2                  | -   |        | add_ln124_30   | add | fabric | 0       |
|   + ClefiaF1Xor_1                            | 0   |        |                |     |        |         |
|     add_ln185_fu_330_p2                      | -   |        | add_ln185      | add | fabric | 0       |
|     add_ln185_1_fu_336_p2                    | -   |        | add_ln185_1    | add | fabric | 0       |
|    + ByteXor_110 (grp_ByteXor_110_fu_98)     | 0   |        |                |     |        |         |
|      add_ln124_fu_110_p2                     | -   |        | add_ln124      | add | fabric | 0       |
|      add_ln124_24_fu_124_p2                  | -   |        | add_ln124_24   | add | fabric | 0       |
|      add_ln124_25_fu_134_p2                  | -   |        | add_ln124_25   | add | fabric | 0       |
|    + ByteCpy_118 (grp_ByteCpy_118_fu_110)    | 0   |        |                |     |        |         |
|      add_ln117_fu_98_p2                      | -   |        | add_ln117      | add | fabric | 0       |
|      add_ln117_5_fu_104_p2                   | -   |        | add_ln117_5    | add | fabric | 0       |
|      add_ln117_6_fu_114_p2                   | -   |        | add_ln117_6    | add | fabric | 0       |
|    + ByteXor (grp_ByteXor_fu_191)            | 0   |        |                |     |        |         |
|      add_ln124_fu_120_p2                     | -   |        | add_ln124      | add | fabric | 0       |
|      add_ln124_29_fu_134_p2                  | -   |        | add_ln124_29   | add | fabric | 0       |
|      add_ln124_30_fu_144_p2                  | -   |        | add_ln124_30   | add | fabric | 0       |
|   + ByteCpy_118 (grp_ByteCpy_118_fu_582)     | 0   |        |                |     |        |         |
|     add_ln117_fu_98_p2                       | -   |        | add_ln117      | add | fabric | 0       |
|     add_ln117_5_fu_104_p2                    | -   |        | add_ln117_5    | add | fabric | 0       |
|     add_ln117_6_fu_114_p2                    | -   |        | add_ln117_6    | add | fabric | 0       |
|   + ByteXor_113                              | 0   |        |                |     |        |         |
|     add_ln124_fu_111_p2                      | -   |        | add_ln124      | add | fabric | 0       |
|     add_ln124_6_fu_125_p2                    | -   |        | add_ln124_6    | add | fabric | 0       |
|     add_ln124_7_fu_135_p2                    | -   |        | add_ln124_7    | add | fabric | 0       |
|     add_ln124_8_fu_145_p2                    | -   |        | add_ln124_8    | add | fabric | 0       |
|   + ClefiaDoubleSwap_1                       | 0   |        |                |     |        |         |
|     add_ln246_fu_419_p2                      | -   |        | add_ln246      | add | fabric | 0       |
|     add_ln247_fu_429_p2                      | -   |        | add_ln247      | add | fabric | 0       |
|     add_ln248_fu_464_p2                      | -   |        | add_ln248      | add | fabric | 0       |
|     add_ln249_fu_474_p2                      | -   |        | add_ln249      | add | fabric | 0       |
|     add_ln250_fu_509_p2                      | -   |        | add_ln250      | add | fabric | 0       |
|     add_ln251_fu_519_p2                      | -   |        | add_ln251      | add | fabric | 0       |
|     add_ln252_fu_554_p2                      | -   |        | add_ln252      | add | fabric | 0       |
|     add_ln253_fu_564_p2                      | -   |        | add_ln253      | add | fabric | 0       |
|     add_ln255_fu_599_p2                      | -   |        | add_ln255      | add | fabric | 0       |
|     add_ln256_fu_609_p2                      | -   |        | add_ln256      | add | fabric | 0       |
|     add_ln257_fu_640_p2                      | -   |        | add_ln257      | add | fabric | 0       |
|     add_ln258_fu_654_p2                      | -   |        | add_ln258      | add | fabric | 0       |
|     add_ln259_fu_685_p2                      | -   |        | add_ln259      | add | fabric | 0       |
|     add_ln260_fu_699_p2                      | -   |        | add_ln260      | add | fabric | 0       |
|     add_ln261_fu_730_p2                      | -   |        | add_ln261      | add | fabric | 0       |
|    + ByteCpy_117                             | 0   |        |                |     |        |         |
|      add_ln117_fu_77_p2                      | -   |        | add_ln117      | add | fabric | 0       |
|      add_ln117_7_fu_88_p2                    | -   |        | add_ln117_7    | add | fabric | 0       |
|   + ByteXor_112_1                            | 0   |        |                |     |        |         |
|     add_ln124_fu_86_p2                       | -   |        | add_ln124      | add | fabric | 0       |
|     add_ln124_11_fu_96_p2                    | -   |        | add_ln124_11   | add | fabric | 0       |
|     add_ln124_12_fu_106_p2                   | -   |        | add_ln124_12   | add | fabric | 0       |
|   + ClefiaF0Xor_1                            | 0   |        |                |     |        |         |
|     add_ln162_fu_305_p2                      | -   |        | add_ln162      | add | fabric | 0       |
|     add_ln162_2_fu_311_p2                    | -   |        | add_ln162_2    | add | fabric | 0       |
|    + ByteXor_11150 (grp_ByteXor_11150_fu_94) | 0   |        |                |     |        |         |
|      add_ln124_fu_110_p2                     | -   |        | add_ln124      | add | fabric | 0       |
|      add_ln124_20_fu_124_p2                  | -   |        | add_ln124_20   | add | fabric | 0       |
|      add_ln124_21_fu_134_p2                  | -   |        | add_ln124_21   | add | fabric | 0       |
|    + ByteCpy_118 (grp_ByteCpy_118_fu_106)    | 0   |        |                |     |        |         |
|      add_ln117_fu_98_p2                      | -   |        | add_ln117      | add | fabric | 0       |
|      add_ln117_5_fu_104_p2                   | -   |        | add_ln117_5    | add | fabric | 0       |
|      add_ln117_6_fu_114_p2                   | -   |        | add_ln117_6    | add | fabric | 0       |
|    + ByteXor (grp_ByteXor_fu_165)            | 0   |        |                |     |        |         |
|      add_ln124_fu_120_p2                     | -   |        | add_ln124      | add | fabric | 0       |
|      add_ln124_29_fu_134_p2                  | -   |        | add_ln124_29   | add | fabric | 0       |
|      add_ln124_30_fu_144_p2                  | -   |        | add_ln124_30   | add | fabric | 0       |
|   + ClefiaF1Xor                              | 0   |        |                |     |        |         |
|     add_ln185_fu_330_p2                      | -   |        | add_ln185      | add | fabric | 0       |
|     add_ln185_2_fu_336_p2                    | -   |        | add_ln185_2    | add | fabric | 0       |
|    + ByteXor_11150 (grp_ByteXor_11150_fu_98) | 0   |        |                |     |        |         |
|      add_ln124_fu_110_p2                     | -   |        | add_ln124      | add | fabric | 0       |
|      add_ln124_20_fu_124_p2                  | -   |        | add_ln124_20   | add | fabric | 0       |
|      add_ln124_21_fu_134_p2                  | -   |        | add_ln124_21   | add | fabric | 0       |
|    + ByteCpy_118 (grp_ByteCpy_118_fu_110)    | 0   |        |                |     |        |         |
|      add_ln117_fu_98_p2                      | -   |        | add_ln117      | add | fabric | 0       |
|      add_ln117_5_fu_104_p2                   | -   |        | add_ln117_5    | add | fabric | 0       |
|      add_ln117_6_fu_114_p2                   | -   |        | add_ln117_6    | add | fabric | 0       |
|    + ByteXor (grp_ByteXor_fu_191)            | 0   |        |                |     |        |         |
|      add_ln124_fu_120_p2                     | -   |        | add_ln124      | add | fabric | 0       |
|      add_ln124_29_fu_134_p2                  | -   |        | add_ln124_29   | add | fabric | 0       |
|      add_ln124_30_fu_144_p2                  | -   |        | add_ln124_30   | add | fabric | 0       |
|   + ByteXor_114                              | 0   |        |                |     |        |         |
|     add_ln124_fu_111_p2                      | -   |        | add_ln124      | add | fabric | 0       |
|     add_ln124_3_fu_125_p2                    | -   |        | add_ln124_3    | add | fabric | 0       |
|     add_ln124_4_fu_135_p2                    | -   |        | add_ln124_4    | add | fabric | 0       |
|     add_ln124_5_fu_145_p2                    | -   |        | add_ln124_5    | add | fabric | 0       |
|   + ClefiaF0Xor_125                          | 0   |        |                |     |        |         |
|    + ByteXor_11152 (grp_ByteXor_11152_fu_78) | 0   |        |                |     |        |         |
|      add_ln124_fu_110_p2                     | -   |        | add_ln124      | add | fabric | 0       |
|      add_ln124_16_fu_124_p2                  | -   |        | add_ln124_16   | add | fabric | 0       |
|      add_ln124_17_fu_134_p2                  | -   |        | add_ln124_17   | add | fabric | 0       |
|    + ByteCpy (grp_ByteCpy_fu_90)             | 0   |        |                |     |        |         |
|      add_ln117_fu_76_p2                      | -   |        | add_ln117      | add | fabric | 0       |
|    + ByteXor_143 (grp_ByteXor_143_fu_146)    | 0   |        |                |     |        |         |
|      add_ln124_fu_120_p2                     | -   |        | add_ln124      | add | fabric | 0       |
|      add_ln124_1_fu_134_p2                   | -   |        | add_ln124_1    | add | fabric | 0       |
|      add_ln124_2_fu_144_p2                   | -   |        | add_ln124_2    | add | fabric | 0       |
|   + ClefiaF1Xor_2                            | 0   |        |                |     |        |         |
|    + ByteXor_11152 (grp_ByteXor_11152_fu_82) | 0   |        |                |     |        |         |
|      add_ln124_fu_110_p2                     | -   |        | add_ln124      | add | fabric | 0       |
|      add_ln124_16_fu_124_p2                  | -   |        | add_ln124_16   | add | fabric | 0       |
|      add_ln124_17_fu_134_p2                  | -   |        | add_ln124_17   | add | fabric | 0       |
|    + ByteCpy_119 (grp_ByteCpy_119_fu_94)     | 0   |        |                |     |        |         |
|      add_ln117_fu_92_p2                      | -   |        | add_ln117      | add | fabric | 0       |
|      add_ln117_3_fu_98_p2                    | -   |        | add_ln117_3    | add | fabric | 0       |
|      add_ln117_4_fu_108_p2                   | -   |        | add_ln117_4    | add | fabric | 0       |
|    + ByteXor_143 (grp_ByteXor_143_fu_176)    | 0   |        |                |     |        |         |
|      add_ln124_fu_120_p2                     | -   |        | add_ln124      | add | fabric | 0       |
|      add_ln124_1_fu_134_p2                   | -   |        | add_ln124_1    | add | fabric | 0       |
|      add_ln124_2_fu_144_p2                   | -   |        | add_ln124_2    | add | fabric | 0       |
|   + ByteCpy_119 (grp_ByteCpy_119_fu_827)     | 0   |        |                |     |        |         |
|     add_ln117_fu_92_p2                       | -   |        | add_ln117      | add | fabric | 0       |
|     add_ln117_3_fu_98_p2                     | -   |        | add_ln117_3    | add | fabric | 0       |
|     add_ln117_4_fu_108_p2                    | -   |        | add_ln117_4    | add | fabric | 0       |
|   + ByteCpy_116 (grp_ByteCpy_116_fu_842)     | 0   |        |                |     |        |         |
|     add_ln117_fu_67_p2                       | -   |        | add_ln117      | add | fabric | 0       |
|   + ByteXor_111                              | 0   |        |                |     |        |         |
|     add_ln124_fu_99_p2                       | -   |        | add_ln124      | add | fabric | 0       |
|     add_ln124_22_fu_114_p2                   | -   |        | add_ln124_22   | add | fabric | 0       |
|     add_ln124_23_fu_124_p2                   | -   |        | add_ln124_23   | add | fabric | 0       |
|   + ClefiaDoubleSwap                         | 0   |        |                |     |        |         |
|    + ByteCpy (grp_ByteCpy_fu_344)            | 0   |        |                |     |        |         |
|      add_ln117_fu_76_p2                      | -   |        | add_ln117      | add | fabric | 0       |
|  + ByteXor_112_2                             | 0   |        |                |     |        |         |
|    add_ln124_fu_86_p2                        | -   |        | add_ln124      | add | fabric | 0       |
|    add_ln124_9_fu_100_p2                     | -   |        | add_ln124_9    | add | fabric | 0       |
|    add_ln124_10_fu_110_p2                    | -   |        | add_ln124_10   | add | fabric | 0       |
|  + ByteCpy_11831                             | 0   |        |                |     |        |         |
|    add_ln117_fu_67_p2                        | -   |        | add_ln117      | add | fabric | 0       |
|  + ByteXor_11151                             | 0   |        |                |     |        |         |
|    add_ln124_fu_110_p2                       | -   |        | add_ln124      | add | fabric | 0       |
|    add_ln124_18_fu_124_p2                    | -   |        | add_ln124_18   | add | fabric | 0       |
|    add_ln124_19_fu_134_p2                    | -   |        | add_ln124_19   | add | fabric | 0       |
|  + ByteCpy (grp_ByteCpy_fu_394)              | 0   |        |                |     |        |         |
|    add_ln117_fu_76_p2                        | -   |        | add_ln117      | add | fabric | 0       |
|  + ByteXor_143 (grp_ByteXor_143_fu_475)      | 0   |        |                |     |        |         |
|    add_ln124_fu_120_p2                       | -   |        | add_ln124      | add | fabric | 0       |
|    add_ln124_1_fu_134_p2                     | -   |        | add_ln124_1    | add | fabric | 0       |
|    add_ln124_2_fu_144_p2                     | -   |        | add_ln124_2    | add | fabric | 0       |
|  + ByteCpy_119 (grp_ByteCpy_119_fu_491)      | 0   |        |                |     |        |         |
|    add_ln117_fu_92_p2                        | -   |        | add_ln117      | add | fabric | 0       |
|    add_ln117_3_fu_98_p2                      | -   |        | add_ln117_3    | add | fabric | 0       |
|    add_ln117_4_fu_108_p2                     | -   |        | add_ln117_4    | add | fabric | 0       |
|  + ByteCpy_116 (grp_ByteCpy_116_fu_510)      | 0   |        |                |     |        |         |
|    add_ln117_fu_67_p2                        | -   |        | add_ln117      | add | fabric | 0       |
|  + ByteXor_1                                 | 0   |        |                |     |        |         |
|    add_ln124_26_fu_186_p2                    | -   |        | add_ln124_26   | add | fabric | 0       |
|    add_ln124_fu_229_p2                       | -   |        | add_ln124      | add | fabric | 0       |
|    add_ln124_1_fu_239_p2                     | -   |        | add_ln124_1    | add | fabric | 0       |
|    add_ln124_27_fu_209_p2                    | -   |        | add_ln124_27   | add | fabric | 0       |
|    add_ln124_2_fu_255_p2                     | -   |        | add_ln124_2    | add | fabric | 0       |
|    add_ln124_3_fu_265_p2                     | -   |        | add_ln124_3    | add | fabric | 0       |
|    add_ln124_28_fu_219_p2                    | -   |        | add_ln124_28   | add | fabric | 0       |
|    add_ln124_4_fu_281_p2                     | -   |        | add_ln124_4    | add | fabric | 0       |
|    add_ln124_5_fu_291_p2                     | -   |        | add_ln124_5    | add | fabric | 0       |
+----------------------------------------------+-----+--------+----------------+-----+--------+---------+


================================================================
== Bind Storage Report
================================================================
+------------------------+------+------+--------+-----------+---------+------+---------+
| Name                   | BRAM | URAM | Pragma | Variable  | Storage | Impl | Latency |
+------------------------+------+------+--------+-----------+---------+------+---------+
| + clefia               | 18   | 0    |        |           |         |      |         |
|   fin_U                | -    | -    |        | fin       | ram_1p  | auto | 1       |
|   fout_U               | -    | -    |        | fout      | ram_1p  | auto | 1       |
|   rin_U                | -    | -    |        | rin       | ram_1p  | auto | 1       |
|   rout_U               | -    | -    |        | rout      | ram_s2p | auto | 1       |
|   fin_1_U              | -    | -    |        | fin_1     | ram_1p  | auto | 1       |
|   fout_1_U             | -    | -    |        | fout_1    | ram_1p  | auto | 1       |
|   rin_1_U              | -    | -    |        | rin_1     | ram_1p  | auto | 1       |
|   rout_1_U             | -    | -    |        | rout_1    | ram_s2p | auto | 1       |
|   ct_U                 | -    | -    |        | ct        | ram_1p  | auto | 1       |
|   rk_U                 | 1    | -    |        | rk        | ram_s2p | auto | 1       |
|   clefia_s0_U          | 1    | -    |        | clefia_s0 | rom_1p  | auto | 1       |
|   clefia_s1_U          | 1    | -    |        | clefia_s1 | rom_2p  | auto | 1       |
|  + ClefiaKeySet        | 15   | 0    |        |           |         |      |         |
|    fin_3_U             | -    | -    |        | fin_3     | ram_1p  | auto | 1       |
|    fout_3_U            | -    | -    |        | fout_3    | ram_1p  | auto | 1       |
|    fin_2_U             | -    | -    |        | fin_2     | ram_1p  | auto | 1       |
|    fout_2_U            | -    | -    |        | fout_2    | ram_1p  | auto | 1       |
|    lk_U                | -    | -    |        | lk        | ram_s2p | auto | 1       |
|    skey256_U           | -    | -    |        | skey256   | ram_t2p | auto | 1       |
|    lk_1_U              | -    | -    |        | lk_1      | ram_s2p | auto | 1       |
|    fin_U               | -    | -    |        | fin       | ram_1p  | auto | 1       |
|    fout_U              | -    | -    |        | fout      | ram_1p  | auto | 1       |
|    lk_2_U              | -    | -    |        | lk_2      | ram_s2p | auto | 1       |
|    skey_U              | -    | -    |        | skey      | rom_2p  | auto | 1       |
|    con192_U            | 1    | -    |        | con192    | rom_1p  | auto | 1       |
|    con256_U            | 1    | -    |        | con256    | rom_1p  | auto | 1       |
|    con128_U            | 1    | -    |        | con128    | rom_1p  | auto | 1       |
|   + ByteCpy_120        | 0    | 0    |        |           |         |      |         |
|     skey_U             | -    | -    |        | skey      | rom_1p  | auto | 1       |
|   + ClefiaF0Xor_2      | 2    | 0    |        |           |         |      |         |
|     clefia_s0_U        | 1    | -    |        | clefia_s0 | rom_1p  | auto | 1       |
|     clefia_s1_U        | 1    | -    |        | clefia_s1 | rom_1p  | auto | 1       |
|   + ClefiaF1Xor_1      | 2    | 0    |        |           |         |      |         |
|     clefia_s1_U        | 1    | -    |        | clefia_s1 | rom_2p  | auto | 1       |
|     clefia_s0_U        | 1    | -    |        | clefia_s0 | rom_1p  | auto | 1       |
|   + ClefiaDoubleSwap_1 | 0    | 0    |        |           |         |      |         |
|     t_U                | -    | -    |        | t         | ram_t2p | auto | 1       |
|   + ClefiaF0Xor_1      | 2    | 0    |        |           |         |      |         |
|     clefia_s0_U        | 1    | -    |        | clefia_s0 | rom_1p  | auto | 1       |
|     clefia_s1_U        | 1    | -    |        | clefia_s1 | rom_1p  | auto | 1       |
|   + ClefiaF1Xor        | 2    | 0    |        |           |         |      |         |
|     clefia_s1_U        | 1    | -    |        | clefia_s1 | rom_2p  | auto | 1       |
|     clefia_s0_U        | 1    | -    |        | clefia_s0 | rom_1p  | auto | 1       |
|   + ClefiaF0Xor_125    | 2    | 0    |        |           |         |      |         |
|     clefia_s0_U        | 1    | -    |        | clefia_s0 | rom_1p  | auto | 1       |
|     clefia_s1_U        | 1    | -    |        | clefia_s1 | rom_1p  | auto | 1       |
|   + ClefiaF1Xor_2      | 2    | 0    |        |           |         |      |         |
|     clefia_s1_U        | 1    | -    |        | clefia_s1 | rom_2p  | auto | 1       |
|     clefia_s0_U        | 1    | -    |        | clefia_s0 | rom_1p  | auto | 1       |
|   + ClefiaDoubleSwap   | 0    | 0    |        |           |         |      |         |
|     t_U                | -    | -    |        | t         | ram_t2p | auto | 1       |
+------------------------+------+------+--------+-----------+---------+------+---------+


================================================================
== Pragma Report
================================================================
* Valid Pragma Syntax
+-----------+---------------------------+-------------------------------------------------------------+
| Type      | Options                   | Location                                                    |
+-----------+---------------------------+-------------------------------------------------------------+
| inline    | off                       | CLEFIA_ip/solution3/directives.tcl:20 in bytecpy            |
| pipeline  | off                       | CLEFIA_ip/solution3/directives.tcl:18 in bytecpy            |
| inline    | off                       | CLEFIA_ip/solution3/directives.tcl:21 in bytexor            |
| pipeline  | off                       | CLEFIA_ip/solution3/directives.tcl:17 in bytexor            |
| interface | s_axilite port=Clefia_dec | CLEFIA_ip/solution3/directives.tcl:10 in clefia, Clefia_dec |
| interface | s_axilite port=Clefia_enc | CLEFIA_ip/solution3/directives.tcl:9 in clefia, Clefia_enc  |
| interface | s_axilite port=key_bitlen | CLEFIA_ip/solution3/directives.tcl:7 in clefia, key_bitlen  |
| interface | s_axilite port=pt         | CLEFIA_ip/solution3/directives.tcl:8 in clefia, pt          |
| interface | s_axilite port=return     | CLEFIA_ip/solution3/directives.tcl:6 in clefia, return      |
| pipeline  |                           | CLEFIA_ip/solution3/directives.tcl:22 in clefia             |
| unroll    |                           | CLEFIA_ip/solution3/directives.tcl:15 in clefiaconset       |
| pipeline  | off                       | CLEFIA_ip/solution3/directives.tcl:24 in clefiaf0xor        |
| pipeline  | off                       | CLEFIA_ip/solution3/directives.tcl:25 in clefiaf1xor        |
| unroll    |                           | CLEFIA_ip/solution3/directives.tcl:26 in clefiagfn4         |
| unroll    |                           | CLEFIA_ip/solution3/directives.tcl:16 in clefiagfn4inv      |
| unroll    |                           | CLEFIA_ip/solution3/directives.tcl:27 in clefiagfn8         |
| unroll    |                           | CLEFIA_ip/solution3/directives.tcl:14 in clefiakeyset128    |
| unroll    |                           | CLEFIA_ip/solution3/directives.tcl:13 in clefiakeyset192    |
| unroll    |                           | CLEFIA_ip/solution3/directives.tcl:11 in clefiakeyset256    |
| inline    | recursive off             | CLEFIA_ip/solution3/directives.tcl:23 in clefiamul2         |
+-----------+---------------------------+-------------------------------------------------------------+


