

================================================================
== Vitis HLS Report for 'ByteCpy_121'
================================================================
* Date:           Wed Dec  7 16:29:37 2022

* Version:        2022.1 (Build 3526262 on Mon Apr 18 15:48:16 MDT 2022)
* Project:        CLEFIA_ip
* Solution:       solution3 (Vivado IP Flow Target)
* Product family: zynq
* Target device:  xc7z020-clg400-1


================================================================
== Performance Estimates
================================================================
+ Timing: 
    * Summary: 
    +--------+----------+----------+------------+
    |  Clock |  Target  | Estimated| Uncertainty|
    +--------+----------+----------+------------+
    |ap_clk  |  10.00 ns|  4.644 ns|     2.70 ns|
    +--------+----------+----------+------------+

+ Latency: 
    * Summary: 
    +---------+---------+----------+----------+-----+-----+---------+
    |  Latency (cycles) |  Latency (absolute) |  Interval | Pipeline|
    |   min   |   max   |    min   |    max   | min | max |   Type  |
    +---------+---------+----------+----------+-----+-----+---------+
    |       33|       33|  0.330 us|  0.330 us|   33|   33|       no|
    +---------+---------+----------+----------+-----+-----+---------+

    + Detail: 
        * Instance: 
        N/A

        * Loop: 
        +------------------+---------+---------+----------+-----------+-----------+------+----------+
        |                  |  Latency (cycles) | Iteration|  Initiation Interval  | Trip |          |
        |     Loop Name    |   min   |   max   |  Latency |  achieved |   target  | Count| Pipelined|
        +------------------+---------+---------+----------+-----------+-----------+------+----------+
        |- ByteCpy_label1  |       32|       32|         2|          -|          -|    16|        no|
        +------------------+---------+---------+----------+-----------+-----------+------+----------+

============================================================
+ Verbose Summary: Synthesis Manager
============================================================
InlineROM: 1
ExposeGlobal: 0
============================================================
+ Verbose Summary: CDFG Model
============================================================
IsTopModel: 0
ResetActiveHigh: 1
IsCombinational: 0
IsDatapathOnly: 0
HasWiredReturn: 1
HasMFsm: 0
HasVarLatency: 1
IsPipeline: 0
IsRtlPipelined: 0
IsInstanceOverlapped: 0
IsDontTouch: 0
HasImplIP: 0
IsGatedGlobalClock: 0


============================================================
+ Verbose Summary: Schedule
============================================================
* Number of FSM states : 3
* Pipeline : 0
* Dataflow Pipeline: 0

* FSM state transitions: 
1 --> 2 
2 --> 3 
3 --> 2 

* FSM state operations: 

State 1 <SV = 0> <Delay = 1.58>
ST_1 : Operation 4 [1/1] (0.00ns)   --->   "%idx = alloca i32 1"   --->   Operation 4 'alloca' 'idx' <Predicate = true> <Delay = 0.00>
ST_1 : Operation 5 [1/1] (1.58ns)   --->   "%store_ln116 = store i5 0, i5 %idx" [clefia.c:116]   --->   Operation 5 'store' 'store_ln116' <Predicate = true> <Delay = 1.58>
ST_1 : Operation 6 [1/1] (0.00ns)   --->   "%br_ln116 = br void %while.body" [clefia.c:116]   --->   Operation 6 'br' 'br_ln116' <Predicate = true> <Delay = 0.00>

State 2 <SV = 1> <Delay = 3.36>
ST_2 : Operation 7 [1/1] (0.00ns)   --->   "%idx_load = load i5 %idx" [clefia.c:117]   --->   Operation 7 'load' 'idx_load' <Predicate = true> <Delay = 0.00>
ST_2 : Operation 8 [1/1] (0.00ns)   --->   "%empty = speclooptripcount i32 @_ssdm_op_SpecLoopTripCount, i64 16, i64 16, i64 16"   --->   Operation 8 'speclooptripcount' 'empty' <Predicate = true> <Delay = 0.00>
ST_2 : Operation 9 [1/1] (1.36ns)   --->   "%icmp_ln116 = icmp_eq  i5 %idx_load, i5 16" [clefia.c:116]   --->   Operation 9 'icmp' 'icmp_ln116' <Predicate = true> <Delay = 1.36> <CoreInst = "Cmp">   --->   Core 9 'Cmp' <Latency = 0> <II = 1> <Delay = 1.36> <FuncUnit> <Opcode : 'icmp'> <InPorts = 2> <OutPorts = 1>
ST_2 : Operation 10 [1/1] (1.78ns)   --->   "%add_ln117 = add i5 %idx_load, i5 1" [clefia.c:117]   --->   Operation 10 'add' 'add_ln117' <Predicate = true> <Delay = 1.78> <CoreInst = "Adder">   --->   Core 1 'Adder' <Latency = 0> <II = 1> <Delay = 1.78> <FuncUnit> <Opcode : 'add' 'sub'> <InPorts = 2> <OutPorts = 1>
ST_2 : Operation 11 [1/1] (0.00ns)   --->   "%br_ln116 = br i1 %icmp_ln116, void %while.body.split, void %while.end.loopexit" [clefia.c:116]   --->   Operation 11 'br' 'br_ln116' <Predicate = true> <Delay = 0.00>
ST_2 : Operation 12 [1/1] (0.00ns)   --->   "%zext_ln117 = zext i5 %idx_load" [clefia.c:117]   --->   Operation 12 'zext' 'zext_ln117' <Predicate = (!icmp_ln116)> <Delay = 0.00>
ST_2 : Operation 13 [1/1] (0.00ns)   --->   "%src_addr = getelementptr i8 %src, i64 0, i64 %zext_ln117" [clefia.c:117]   --->   Operation 13 'getelementptr' 'src_addr' <Predicate = (!icmp_ln116)> <Delay = 0.00>
ST_2 : Operation 14 [2/2] (2.32ns)   --->   "%src_load = load i5 %src_addr" [clefia.c:117]   --->   Operation 14 'load' 'src_load' <Predicate = (!icmp_ln116)> <Delay = 2.32> <CoreInst = "ROM">   --->   Core 95 'ROM' <Latency = 1> <II = 1> <Delay = 2.32> <Storage> <Opcode : 'load'> <Ports = 0> <Width = 8> <Depth = 32> <ROM>
ST_2 : Operation 15 [1/1] (1.58ns)   --->   "%store_ln116 = store i5 %add_ln117, i5 %idx" [clefia.c:116]   --->   Operation 15 'store' 'store_ln116' <Predicate = (!icmp_ln116)> <Delay = 1.58>
ST_2 : Operation 16 [1/1] (0.00ns)   --->   "%ret_ln119 = ret" [clefia.c:119]   --->   Operation 16 'ret' 'ret_ln119' <Predicate = (icmp_ln116)> <Delay = 0.00>

State 3 <SV = 2> <Delay = 4.64>
ST_3 : Operation 17 [1/1] (0.00ns)   --->   "%specloopname_ln117 = specloopname void @_ssdm_op_SpecLoopName, void @empty_8" [clefia.c:117]   --->   Operation 17 'specloopname' 'specloopname_ln117' <Predicate = true> <Delay = 0.00>
ST_3 : Operation 18 [1/1] (0.00ns)   --->   "%dst_addr = getelementptr i8 %dst, i64 0, i64 %zext_ln117" [clefia.c:117]   --->   Operation 18 'getelementptr' 'dst_addr' <Predicate = true> <Delay = 0.00>
ST_3 : Operation 19 [1/2] (2.32ns)   --->   "%src_load = load i5 %src_addr" [clefia.c:117]   --->   Operation 19 'load' 'src_load' <Predicate = true> <Delay = 2.32> <CoreInst = "ROM">   --->   Core 95 'ROM' <Latency = 1> <II = 1> <Delay = 2.32> <Storage> <Opcode : 'load'> <Ports = 0> <Width = 8> <Depth = 32> <ROM>
ST_3 : Operation 20 [1/1] (2.32ns)   --->   "%store_ln117 = store i8 %src_load, i4 %dst_addr" [clefia.c:117]   --->   Operation 20 'store' 'store_ln117' <Predicate = true> <Delay = 2.32> <CoreInst = "RAM">   --->   Core 82 'RAM' <Latency = 1> <II = 1> <Delay = 2.32> <Storage> <Opcode : 'load' 'store'> <Ports = 2> <Width = 8> <Depth = 16> <RAM>
ST_3 : Operation 21 [1/1] (0.00ns)   --->   "%br_ln116 = br void %while.body" [clefia.c:116]   --->   Operation 21 'br' 'br_ln116' <Predicate = true> <Delay = 0.00>


============================================================
+ Verbose Summary: Timing violations
============================================================
Target clock period: 10ns, clock uncertainty: 2.7ns.

 <State 1>: 1.59ns
The critical path consists of the following:
	'alloca' operation ('idx') [3]  (0 ns)
	'store' operation ('store_ln116', clefia.c:116) of constant 0 on local variable 'idx' [4]  (1.59 ns)

 <State 2>: 3.37ns
The critical path consists of the following:
	'load' operation ('idx_load', clefia.c:117) on local variable 'idx' [7]  (0 ns)
	'add' operation ('add_ln117', clefia.c:117) [10]  (1.78 ns)
	'store' operation ('store_ln116', clefia.c:116) of variable 'add_ln117', clefia.c:117 on local variable 'idx' [19]  (1.59 ns)

 <State 3>: 4.64ns
The critical path consists of the following:
	'load' operation ('src_load', clefia.c:117) on array 'src' [17]  (2.32 ns)
	'store' operation ('store_ln117', clefia.c:117) of variable 'src_load', clefia.c:117 on array 'dst' [18]  (2.32 ns)


============================================================
+ Verbose Summary: Binding
============================================================
N/A
* FSMD analyzer results:
  - Output states:
 - Input state : 
  - Chain level:
	State 1
	State 2
	State 3


============================================================
+ Verbose Summary: Datapath Resource usage 
============================================================
N/A
